// Jest Snapshot v1, https://goo.gl/fbAQLP

exports[`renders correctly 1`] = `
<div
  className="calculator"
>
  <div
    className="output"
    title="Output"
  >
    <span />
    <span />
    <span />
  </div>
  <div
    className="keyboard"
  >
    <button
      onClick={[Function]}
      type="submit"
    >
      AC
    </button>
    <button
      onClick={[Function]}
      type="submit"
    >
      +/-
    </button>
    <button
      onClick={[Function]}
      type="submit"
    >
      %
    </button>
    <button
      className="side"
      onClick={[Function]}
      type="submit"
    >
      รท
    </button>
    <button
      onClick={[Function]}
      type="submit"
    >
      7
    </button>
    <button
      onClick={[Function]}
      type="submit"
    >
      8
    </button>
    <button
      onClick={[Function]}
      type="submit"
    >
      9
    </button>
    <button
      className="side"
      onClick={[Function]}
      type="submit"
    >
      x
    </button>
    <button
      onClick={[Function]}
      type="submit"
    >
      4
    </button>
    <button
      onClick={[Function]}
      type="submit"
    >
      5
    </button>
    <button
      onClick={[Function]}
      type="submit"
    >
      6
    </button>
    <button
      className="side"
      onClick={[Function]}
      type="submit"
    >
      -
    </button>
    <button
      onClick={[Function]}
      type="submit"
    >
      1
    </button>
    <button
      onClick={[Function]}
      type="submit"
    >
      2
    </button>
    <button
      onClick={[Function]}
      type="submit"
    >
      3
    </button>
    <button
      className="side"
      onClick={[Function]}
      type="submit"
    >
      +
    </button>
    <button
      className="span"
      onClick={[Function]}
      type="submit"
    >
      0
    </button>
    <button
      onClick={[Function]}
      type="submit"
    >
      .
    </button>
    <button
      className="side"
      onClick={[Function]}
      type="submit"
    >
      =
    </button>
  </div>
</div>
`;
