// Jest Snapshot v1, https://goo.gl/fbAQLP

exports[`renders correctly 1`] = `
<header
  className="header"
>
  <h1>
    Math Magcian
  </h1>
  <nav>
    <a
      href="/"
      onClick={[Function]}
    >
      Home
    </a>
    <a
      href="/calculator"
      onClick={[Function]}
    >
      Calculator
    </a>
    <a
      href="/quotes"
      onClick={[Function]}
    >
      Quotes
    </a>
  </nav>
</header>
`;
