// Jest Snapshot v1, https://goo.gl/fbAQLP

exports[`renders correctly 1`] = `
<div
  className="qoute-cont"
>
  <p />
  <h2
    className="author"
  >
    ~
  </h2>
</div>
`;
